// Vitest Snapshot v1, https://vitest.dev/guide/snapshot.html

exports[`TableBirthday > should match snapshot 1`] = `
<DocumentFragment>
  <div
    class="overflow-x-auto"
  >
    <table
      class="min-w-full bg-white border border-gray-400 rounded-lg shadow-md"
    >
      <thead>
        <tr>
          <th
            class="px-4 py-2 border-b-2 border-gray-400 bg-gray-200 text-left text-sm font-semibold text-gray-700 uppercase tracking-wider"
          >
            Nome
          </th>
          <th
            class="px-4 py-2 border-b-2 border-gray-400 bg-gray-200 text-center text-sm font-semibold text-gray-700 uppercase tracking-wider"
          >
            Dia
          </th>
        </tr>
      </thead>
      <tbody>
        <tr>
          <td
            class="px-4 py-2 text-center text-sm text-gray-500"
            colspan="2"
          >
            Nenhum aniversariante encontrado.
          </td>
        </tr>
      </tbody>
    </table>
  </div>
</DocumentFragment>
`;
