// Vitest Snapshot v1, https://vitest.dev/guide/snapshot.html

exports[`LoginForm > should match snapshot 1`] = `
<DocumentFragment>
  <form
    action="#"
    class="space-y-6"
    method="POST"
  >
    <div>
      <label
        class="block text-sm font-medium leading-6 text-gray-900"
        for="email"
      >
        Email address
      </label>
      <div
        class="mt-2"
      >
        <input
          autocomplete="email"
          class="block w-full rounded-md border-0 py-2 px-3 text-gray-900 shadow-sm ring-1 ring-inset ring-gray-300 placeholder:text-gray-400 focus:ring-2 focus:ring-inset focus:ring-indigo-600 sm:text-sm sm:leading-6"
          id="email"
          name="email"
          required=""
          type="email"
        />
      </div>
    </div>
    <div>
      <label
        class="block text-sm font-medium leading-6 text-gray-900"
        for="password"
      >
        Password
      </label>
      <div
        class="mt-2"
      >
        <input
          autocomplete="current-password"
          class="block w-full rounded-md border-0 py-2 px-3 text-gray-900 shadow-sm ring-1 ring-inset ring-gray-300 placeholder:text-gray-400 focus:ring-2 focus:ring-inset focus:ring-indigo-600 sm:text-sm sm:leading-6"
          id="password"
          name="password"
          required=""
          type="password"
        />
      </div>
    </div>
    <div
      class="flex flex-col items-center space-y-4"
    >
      <button
        class="flex w-1/2 justify-center rounded-md bg-indigo-600 px-3 py-1.5 text-sm font-semibold leading-6 text-white shadow-md hover:bg-indigo-500 focus-visible:outline focus-visible:outline-2 focus-visible:outline-offset-2 focus-visible:outline-indigo-600"
        type="submit"
      >
        Sign in
      </button>
    </div>
  </form>
</DocumentFragment>
`;

exports[`UserMenu > should match snapshot 1`] = `
<DocumentFragment>
  <form
    action="#"
    class="space-y-6"
    method="POST"
  >
    <div>
      <label
        class="block text-sm font-medium leading-6 text-gray-900"
        for="email"
      >
        Email address
      </label>
      <div
        class="mt-2"
      >
        <input
          autocomplete="email"
          class="block w-full rounded-md border-0 py-2 px-3 text-gray-900 shadow-sm ring-1 ring-inset ring-gray-300 placeholder:text-gray-400 focus:ring-2 focus:ring-inset focus:ring-indigo-600 sm:text-sm sm:leading-6"
          id="email"
          name="email"
          required=""
          type="email"
        />
      </div>
    </div>
    <div>
      <label
        class="block text-sm font-medium leading-6 text-gray-900"
        for="password"
      >
        Password
      </label>
      <div
        class="mt-2"
      >
        <input
          autocomplete="current-password"
          class="block w-full rounded-md border-0 py-2 px-3 text-gray-900 shadow-sm ring-1 ring-inset ring-gray-300 placeholder:text-gray-400 focus:ring-2 focus:ring-inset focus:ring-indigo-600 sm:text-sm sm:leading-6"
          id="password"
          name="password"
          required=""
          type="password"
        />
      </div>
    </div>
    <div
      class="flex flex-col items-center space-y-4"
    >
      <button
        class="flex w-1/2 justify-center rounded-md bg-indigo-600 px-3 py-1.5 text-sm font-semibold leading-6 text-white shadow-md hover:bg-indigo-500 focus-visible:outline focus-visible:outline-2 focus-visible:outline-offset-2 focus-visible:outline-indigo-600"
        type="submit"
      >
        Sign in
      </button>
    </div>
  </form>
</DocumentFragment>
`;
