// Vitest Snapshot v1, https://vitest.dev/guide/snapshot.html

exports[`HomePage > should match snapshot 1`] = `
<DocumentFragment>
  <div
    class="min-h-full"
  >
    <nav
      class="bg-gray-800"
      data-testid="navbar"
    >
      <div
        class="mx-auto max-w-7xl px-4 sm:px-6 lg:px-8"
      >
        <div
          class="flex h-16 items-center justify-between"
        >
          <div
            class="flex items-center"
          >
            <div
              class="flex-shrink-0"
            >
              <img
                alt="Your Company"
                class="h-8 w-8"
                src="https://tailwindui.com/plus/img/logos/mark.svg?color=indigo&shade=500"
              />
            </div>
            <div
              class="hidden md:block"
            >
              <div
                class="ml-10 flex items-baseline space-x-4"
              >
                <button
                  class="rounded-md px-3 py-2 text-sm font-medium bg-gray-900 text-white"
                >
                  Menu
                </button>
                <button
                  class="rounded-md px-3 py-2 text-sm font-medium text-gray-300 hover:bg-gray-700 hover:text-white"
                >
                  Dashboard
                </button>
                <button
                  class="rounded-md px-3 py-2 text-sm font-medium text-gray-300 hover:bg-gray-700 hover:text-white"
                >
                  Aniversários
                </button>
              </div>
            </div>
          </div>
          <div
            class="hidden md:block"
          >
            <div
              class="ml-4 flex items-center md:ml-6"
            >
              <button
                class="relative rounded-full bg-gray-800 p-1 text-gray-400 hover:text-white focus:outline-none focus:ring-2 focus:ring-white focus:ring-offset-2 focus:ring-offset-gray-800"
                type="button"
              >
                <span
                  class="sr-only"
                >
                  Button
                </span>
                <img
                  alt="User"
                  class="h-8 w-8 rounded-full"
                  src="https://images.unsplash.com/photo-1472099645785-5658abf4ff4e?ixlib=rb-1.2.1&ixid=eyJhcHBfaWQiOjEyMDd9&auto=format&fit=facearea&facepad=2&w=256&h=256&q=80"
                />
              </button>
            </div>
          </div>
        </div>
      </div>
    </nav>
    <header
      class="bg-white shadow"
      data-testid="header"
    >
      <div
        class="mx-auto max-w-7xl px-4 py-6 sm:px-6 lg:px-8"
      >
        <h1
          class="text-3xl font-bold tracking-tight text-gray-900"
        >
          Menu
        </h1>
      </div>
    </header>
    <main
      data-testid="main-content"
    >
      <div
        class="mx-auto max-w-7xl px-4 py-6 sm:px-6 lg:px-8"
      >
        <div>
          Conteúdo da aba Menu
        </div>
      </div>
    </main>
  </div>
</DocumentFragment>
`;
