// Vitest Snapshot v1, https://vitest.dev/guide/snapshot.html

exports[`EditDeleteButtons > should match snapshot 1`] = `
<DocumentFragment>
  <div
    class="w-1/2 flex justify-end space-x-4 mt-6"
  >
    <button
      class="bg-red-500 text-white rounded px-4 py-1"
    >
      Cancelar
    </button>
    <button
      class="bg-blue-500 text-white rounded px-4 py-1"
    >
      Salvar
    </button>
  </div>
</DocumentFragment>
`;
