// Vitest Snapshot v1, https://vitest.dev/guide/snapshot.html

exports[`IconButton > should match snapshot 1`] = `
<DocumentFragment>
  <button
    class="relative rounded-full bg-gray-800 p-1 text-gray-400 hover:text-white focus:outline-none focus:ring-2 focus:ring-white focus:ring-offset-2 focus:ring-offset-gray-800"
    type="button"
  >
    <span
      class="sr-only"
    >
      Button
    </span>
    <svg />
  </button>
</DocumentFragment>
`;
