// Vitest Snapshot v1, https://vitest.dev/guide/snapshot.html

exports[`PostInfoContent Component > should match snapshot 1`] = `
<DocumentFragment>
  <div
    class="flex flex-col items-center w-full"
  >
    <div
      class="w-1/2 flex justify-end space-x-4 mt-6"
    >
      <button
        class="bg-yellow-500 text-white rounded px-4 py-1"
      >
        Editar
      </button>
      <button
        class="bg-red-500 text-white rounded px-4 py-1"
      >
        Apagar
      </button>
    </div>
    <div
      class="flex flex-col h-full p-4 space-y-4 w-1/3 mt-6"
    >
      <h1
        class="font-bold mb-3"
        style="font-size: 42px;"
      >
        Test Title
      </h1>
      <h2
        class="text-gray-700 mb-2"
        style="font-size: 22px;"
      >
        Test Subtitle
      </h2>
      <p
        class="mt-4 text-gray-500"
        style="font-size: 16px;"
      >
        Autor: Test Author | Criado em: 08/11/2024
      </p>
      <div
        class="mt-4 w-full"
        style="font-size: 20px;"
      >
        <p>
          Test Content
        </p>
      </div>
    </div>
  </div>
</DocumentFragment>
`;
