// Vitest Snapshot v1, https://vitest.dev/guide/snapshot.html

exports[`SocialLoginButtons > should match snapshot 1`] = `
<DocumentFragment>
  <div
    class="flex flex-col items-center space-y-4"
  >
    <button
      class="flex items-center w-1/2 justify-center rounded-md bg-white border border-black/20 px-3 py-1.5 text-sm font-semibold leading-6 text-black shadow-md hover:bg-gray-100 focus-visible:outline focus-visible:outline-2 focus-visible:outline-offset-2 focus-visible:outline-gray-600"
    >
      <img
        alt="microsoft icon"
        class="mr-4 h-5 w-5"
        src="/microsoft.svg"
      />
      Microsoft
    </button>
  </div>
</DocumentFragment>
`;
