// Vitest Snapshot v1, https://vitest.dev/guide/snapshot.html

exports[`NavBar Component > should match snapshot 1`] = `
<DocumentFragment>
  <nav
    class="bg-gray-800"
  >
    <div
      class="mx-auto max-w-7xl px-4 sm:px-6 lg:px-8"
    >
      <div
        class="flex h-16 items-center justify-between"
      >
        <div
          class="flex items-center"
        >
          <div
            class="flex-shrink-0"
          >
            <img
              alt="Your Company"
              class="h-8 w-8"
              src="https://tailwindui.com/plus/img/logos/mark.svg?color=indigo&shade=500"
            />
          </div>
          <div
            class="hidden md:block"
          >
            <div
              class="ml-10 flex items-baseline space-x-4"
            >
              <button
                class="rounded-md px-3 py-2 text-sm font-medium bg-gray-900 text-white"
              >
                Menu
              </button>
              <button
                class="rounded-md px-3 py-2 text-sm font-medium text-gray-300 hover:bg-gray-700 hover:text-white"
              >
                Dashboard
              </button>
              <button
                class="rounded-md px-3 py-2 text-sm font-medium text-gray-300 hover:bg-gray-700 hover:text-white"
              >
                Anivers√°rios
              </button>
            </div>
          </div>
        </div>
        <div>
          UserMenu
        </div>
      </div>
    </div>
  </nav>
</DocumentFragment>
`;
