// Vitest Snapshot v1, https://vitest.dev/guide/snapshot.html

exports[`PostContentList > should match snapshot 1`] = `
<DocumentFragment>
  <div
    class="space-y-8"
  >
    <div
      class="flex flex-col border-b border-gray-200 pb-8"
    >
      <h2
        class="mt-1 text-2xl font-semibold text-gray-900"
      >
        First Post
      </h2>
      <p
        class="mt-2 text-gray-700"
      >
        Subtitle of First Post
      </p>
      <p
        class="mt-1 text-sm text-gray-500"
      >
        Criado em: 29/10/2024 
      </p>
      <p
        class="mt-1 text-sm text-gray-500"
      >
        Autor: Author One
      </p>
    </div>
    <div
      class="flex flex-col border-b border-gray-200 pb-8"
    >
      <h2
        class="mt-1 text-2xl font-semibold text-gray-900"
      >
        Second Post
      </h2>
      <p
        class="mt-2 text-gray-700"
      >
        Subtitle of Second Post
      </p>
      <p
        class="mt-1 text-sm text-gray-500"
      >
        Criado em: 28/10/2024 
      </p>
      <p
        class="mt-1 text-sm text-gray-500"
      >
        Autor: Author Two
      </p>
    </div>
  </div>
</DocumentFragment>
`;
