// Vitest Snapshot v1, https://vitest.dev/guide/snapshot.html

exports[`DeleteButton > should match snapshot 1`] = `
<DocumentFragment>
  <button
    class="bg-red-500 text-white rounded px-4 py-1"
  >
    Apagar
  </button>
</DocumentFragment>
`;
