// Vitest Snapshot v1, https://vitest.dev/guide/snapshot.html

exports[`UserMenu > should match snapshot 1`] = `
<DocumentFragment>
  <div
    class="hidden md:block"
  >
    <div
      class="ml-4 flex items-center md:ml-6"
    >
      <button
        class="relative rounded-full bg-gray-800 p-1 text-gray-400 hover:text-white focus:outline-none focus:ring-2 focus:ring-white focus:ring-offset-2 focus:ring-offset-gray-800"
        type="button"
      >
        <span
          class="sr-only"
        >
          Button
        </span>
        <img
          alt="User"
          class="h-8 w-8 rounded-full"
          src="https://images.unsplash.com/photo-1472099645785-5658abf4ff4e?ixlib=rb-1.2.1&ixid=eyJhcHBfaWQiOjEyMDd9&auto=format&fit=facearea&facepad=2&w=256&h=256&q=80"
        />
      </button>
    </div>
  </div>
</DocumentFragment>
`;
